<?xml version="1.0" encoding="UTF-8"?>
<feed xmlns="http://www.w3.org/2005/Atom">
  <link href="http://arxiv.org/api/query?search_query%3Dall%3Aelectron%26id_list%3D%26start%3D0%26max_results%3D10" rel="self" type="application/atom+xml"/>
  <title type="html">ArXiv Query: search_query=all:electron&amp;id_list=&amp;start=0&amp;max_results=10</title>
  <id>http://arxiv.org/api/WyBPOs+pRgzCTXTMWhtnbcOmk6g</id>
  <updated>2021-01-22T00:00:00-05:00</updated>
  <opensearch:totalResults xmlns:opensearch="http://a9.com/-/spec/opensearch/1.1/">166914</opensearch:totalResults>
  <opensearch:startIndex xmlns:opensearch="http://a9.com/-/spec/opensearch/1.1/">0</opensearch:startIndex>
  <opensearch:itemsPerPage xmlns:opensearch="http://a9.com/-/spec/opensearch/1.1/">10</opensearch:itemsPerPage>
  <entry>
    <id>http://arxiv.org/abs/cond-mat/0102536v1</id>
    <updated>2001-02-28T20:12:09Z</updated>
    <published>2001-02-28T20:12:09Z</published>
    <title>Impact of Electron-Electron Cusp on Configuration Interaction Energies</title>
    <summary>  The effect of the electron-electron cusp on the convergence of configuration
interaction (CI) wave functions is examined. By analogy with the
pseudopotential approach for electron-ion interactions, an effective
electron-electron interaction is developed which closely reproduces the
scattering of the Coulomb interaction but is smooth and finite at zero
electron-electron separation. The exact many-electron wave function for this
smooth effective interaction has no cusp at zero electron-electron separation.
We perform CI and quantum Monte Carlo calculations for He and Be atoms, both
with the Coulomb electron-electron interaction and with the smooth effective
electron-electron interaction. We find that convergence of the CI expansion of
the wave function for the smooth electron-electron interaction is not
significantly improved compared with that for the divergent Coulomb interaction
for energy differences on the order of 1 mHartree. This shows that, contrary to
popular belief, description of the electron-electron cusp is not a limiting
factor, to within chemical accuracy, for CI calculations.
</summary>
    <author>
      <name>David Prendergast</name>
      <arxiv:affiliation xmlns:arxiv="http://arxiv.org/schemas/atom">Department of Physics</arxiv:affiliation>
    </author>
    <author>
      <name>M. Nolan</name>
      <arxiv:affiliation xmlns:arxiv="http://arxiv.org/schemas/atom">NMRC, University College, Cork, Ireland</arxiv:affiliation>
    </author>
    <author>
      <name>Claudia Filippi</name>
      <arxiv:affiliation xmlns:arxiv="http://arxiv.org/schemas/atom">Department of Physics</arxiv:affiliation>
    </author>
    <author>
      <name>Stephen Fahy</name>
      <arxiv:affiliation xmlns:arxiv="http://arxiv.org/schemas/atom">Department of Physics</arxiv:affiliation>
    </author>
    <author>
      <name>J. C. Greer</name>
      <arxiv:affiliation xmlns:arxiv="http://arxiv.org/schemas/atom">NMRC, University College, Cork, Ireland</arxiv:affiliation>
    </author>
    <arxiv:doi xmlns:arxiv="http://arxiv.org/schemas/atom">10.1063/1.1383585</arxiv:doi>
    <link title="doi" href="http://dx.doi.org/10.1063/1.1383585" rel="related"/>
    <arxiv:comment xmlns:arxiv="http://arxiv.org/schemas/atom">11 pages, 6 figures, 3 tables, LaTeX209, submitted to The Journal of
  Chemical Physics</arxiv:comment>
    <arxiv:journal_ref xmlns:arxiv="http://arxiv.org/schemas/atom">J. Chem. Phys. 115, 1626 (2001)</arxiv:journal_ref>
    <link href="http://arxiv.org/abs/cond-mat/0102536v1" rel="alternate" type="text/html"/>
    <link title="pdf" href="http://arxiv.org/pdf/cond-mat/0102536v1" rel="related" type="application/pdf"/>
    <arxiv:primary_category xmlns:arxiv="http://arxiv.org/schemas/atom" term="cond-mat.str-el" scheme="http://arxiv.org/schemas/atom"/>
    <category term="cond-mat.str-el" scheme="http://arxiv.org/schemas/atom"/>
  </entry>
  <entry>
    <id>http://arxiv.org/abs/astro-ph/0608371v1</id>
    <updated>2006-08-17T14:05:46Z</updated>
    <published>2006-08-17T14:05:46Z</published>
    <title>Electron thermal conductivity owing to collisions between degenerate
  electrons</title>
    <summary>  We calculate the thermal conductivity of electrons produced by
electron-electron Coulomb scattering in a strongly degenerate electron gas
taking into account the Landau damping of transverse plasmons. The Landau
damping strongly reduces this conductivity in the domain of ultrarelativistic
electrons at temperatures below the electron plasma temperature. In the inner
crust of a neutron star at temperatures T &lt; 1e7 K this thermal conductivity
completely dominates over the electron conductivity due to electron-ion
(electron-phonon) scattering and becomes competitive with the the electron
conductivity due to scattering of electrons by impurity ions.
</summary>
    <author>
      <name>P. S. Shternin</name>
      <arxiv:affiliation xmlns:arxiv="http://arxiv.org/schemas/atom">Ioffe Physico-Technical Institute</arxiv:affiliation>
    </author>
    <author>
      <name>D. G. Yakovlev</name>
      <arxiv:affiliation xmlns:arxiv="http://arxiv.org/schemas/atom">Ioffe Physico-Technical Institute</arxiv:affiliation>
    </author>
    <arxiv:doi xmlns:arxiv="http://arxiv.org/schemas/atom">10.1103/PhysRevD.74.043004</arxiv:doi>
    <link title="doi" href="http://dx.doi.org/10.1103/PhysRevD.74.043004" rel="related"/>
    <arxiv:comment xmlns:arxiv="http://arxiv.org/schemas/atom">8 pages, 3 figures</arxiv:comment>
    <arxiv:journal_ref xmlns:arxiv="http://arxiv.org/schemas/atom">Phys.Rev. D74 (2006) 043004</arxiv:journal_ref>
    <link href="http://arxiv.org/abs/astro-ph/0608371v1" rel="alternate" type="text/html"/>
    <link title="pdf" href="http://arxiv.org/pdf/astro-ph/0608371v1" rel="related" type="application/pdf"/>
    <arxiv:primary_category xmlns:arxiv="http://arxiv.org/schemas/atom" term="astro-ph" scheme="http://arxiv.org/schemas/atom"/>
    <category term="astro-ph" scheme="http://arxiv.org/schemas/atom"/>
  </entry>
  <entry>
    <id>http://arxiv.org/abs/1802.06593v1</id>
    <updated>2018-02-19T11:51:42Z</updated>
    <published>2018-02-19T11:51:42Z</published>
    <title>Electron pairing: from metastable electron pair to bipolaron</title>
    <summary>  Starting from the shell structure in atoms and the significant correlation
within electron pairs, we distinguish the exchange-correlation effects between
two electrons of opposite spins occupying the same orbital from the average
correlation among many electrons in a crystal. In the periodic potential of the
crystal with lattice constant larger than the effective Bohr radius of the
valence electrons, these correlated electron pairs can form a metastable energy
band above the corresponding single-electron band separated by an energy gap.
In order to determine if these metastable electron pairs can be stabilized, we
calculate the many-electron exchange-correlation renormalization and the
polaron correction to the two-band system with single electrons and electron
pairs. We find that the electron-phonon interaction is essential to
counterbalance the Coulomb repulsion and to stabilize the electron pairs. The
interplay of the electron-electron and electron-phonon interactions, manifested
in the exchange-correlation energies, polaron effects, and screening, is
responsible for the formation of electron pairs (bipolarons) that are located
on the Fermi surface of the single-electron band.
</summary>
    <author>
      <name>Guo-Qiang Hai</name>
    </author>
    <author>
      <name>Ladir Cândido</name>
    </author>
    <author>
      <name>Braulio G. A. Brito</name>
    </author>
    <author>
      <name>François M. Peeters</name>
    </author>
    <arxiv:doi xmlns:arxiv="http://arxiv.org/schemas/atom">10.1088/2399-6528/aaaee0</arxiv:doi>
    <link title="doi" href="http://dx.doi.org/10.1088/2399-6528/aaaee0" rel="related"/>
    <arxiv:comment xmlns:arxiv="http://arxiv.org/schemas/atom">17 pages, 6 figures, Journal of Physics Communications 2018</arxiv:comment>
    <link href="http://arxiv.org/abs/1802.06593v1" rel="alternate" type="text/html"/>
    <link title="pdf" href="http://arxiv.org/pdf/1802.06593v1" rel="related" type="application/pdf"/>
    <arxiv:primary_category xmlns:arxiv="http://arxiv.org/schemas/atom" term="cond-mat.str-el" scheme="http://arxiv.org/schemas/atom"/>
    <category term="cond-mat.str-el" scheme="http://arxiv.org/schemas/atom"/>
  </entry>
  <entry>
    <id>http://arxiv.org/abs/2010.01066v1</id>
    <updated>2020-10-02T15:46:56Z</updated>
    <published>2020-10-02T15:46:56Z</published>
    <title>Electron Temperature Anisotropy and Electron Beam Constraints From
  Electron Kinetic Instabilities in the Solar Wind</title>
    <summary>  Electron temperature anisotropies and electron beams are nonthermal features
of the observed nonequilibrium electron velocity distributions in the solar
wind. In collision-poor plasmas these nonequilibrium distributions are expected
to be regulated by kinetic instabilities through wave-particle interactions.
This study considers electron instabilities driven by the interplay of core
electron temperature anisotropies and the electron beam, and firstly gives a
comprehensive analysis of instabilities in arbitrary directions to the
background magnetic field. It clarifies the dominant parameter regime (e.g.,
parallel core electron plasma beta $\beta_{\mathrm{ec\parallel}}$, core
electron temperature anisotropy $A_{\mathrm{ec}}\equiv
T_{\mathrm{ec\perp}}/T_{\mathrm{ec\parallel}}$, and electron beam velocity
$V_{\mathrm{eb}}$) for each kind of electron instability (e.g., the electron
beam-driven electron acoustic/magnetoacoustic instability, the electron
beam-driven whistler instability, the electromagnetic electron cyclotron
instability, the electron mirror instability, the electron firehose
instability, and the ordinary-mode instability). It finds that the electron
beam can destabilize electron acoustic/magnetoacoustic waves in the
low-$\beta_{\mathrm{ec\parallel}}$ regime, and whistler waves in the medium-
and large-$\beta_{\mathrm{ec\parallel}}$ regime. It also finds that a new
oblique fast-magnetosonic/whistler instability is driven by the electron beam
with $V_{\mathrm{eb}}\gtrsim7V_{\mathrm{A}}$ in a regime where
$\beta_{\mathrm{ec\parallel}}\sim0.1-2$ and $A_{\mathrm{ec}}&lt;1$. Moreover, this
study presents electromagnetic responses of each kind of electron instability.
These results provide a comprehensive overview for electron instability
constraints on core electron temperature anisotropies and electron beams in the
solar wind.
</summary>
    <author>
      <name>Heyu Sun</name>
    </author>
    <author>
      <name>Jinsong Zhao</name>
    </author>
    <author>
      <name>Wen Liu</name>
    </author>
    <author>
      <name>Huasheng Xie</name>
    </author>
    <author>
      <name>Dejin Wu</name>
    </author>
    <arxiv:doi xmlns:arxiv="http://arxiv.org/schemas/atom">10.3847/1538-4357/abb3ca</arxiv:doi>
    <link title="doi" href="http://dx.doi.org/10.3847/1538-4357/abb3ca" rel="related"/>
    <link href="http://arxiv.org/abs/2010.01066v1" rel="alternate" type="text/html"/>
    <link title="pdf" href="http://arxiv.org/pdf/2010.01066v1" rel="related" type="application/pdf"/>
    <arxiv:primary_category xmlns:arxiv="http://arxiv.org/schemas/atom" term="physics.space-ph" scheme="http://arxiv.org/schemas/atom"/>
    <category term="physics.space-ph" scheme="http://arxiv.org/schemas/atom"/>
  </entry>
  <entry>
    <id>http://arxiv.org/abs/1501.04914v1</id>
    <updated>2015-01-20T18:48:22Z</updated>
    <published>2015-01-20T18:48:22Z</published>
    <title>Hamiltonian of a many-electron system with single-electron and
  electron-pair states in a two-dimensional periodic potential</title>
    <summary>  Based on the metastable electron-pair energy band in a two-dimensional (2D)
periodic potential obtained previously by Hai and Castelano [J. Phys.: Condens.
Matter 26, 115502 (2014)], we present in this work a Hamiltonian of many
electrons consisting of single electrons and electron pairs in the 2D system.
The electron-pair states are metastable of energies higher than those of the
single-electron states at low electron density. We assume two different
scenarios for the single-electron band. When it is considered as the lowest
conduction band of a crystal, we compare the obtained Hamiltonian with the
phenomenological model Hamiltonian of a boson-fermion mixture proposed by
Friedberg and Lee [Phys. Rev. B 40, 6745 (1989)]. Single-electron-electron-pair
and electron-pair-electron-pair interaction terms appear in our Hamiltonian and
the interaction potentials can be determined from the electron-electron Coulomb
interactions. When we consider the single-electron band as the highest valence
band of a crystal, we show that holes in this valence band are important for
stabilization of the electron-pair states in the system.
</summary>
    <author>
      <name>G. -Q. Hai</name>
    </author>
    <author>
      <name>F. M. Peeters</name>
    </author>
    <arxiv:doi xmlns:arxiv="http://arxiv.org/schemas/atom">10.1140/epjb/e2014-50686-x</arxiv:doi>
    <link title="doi" href="http://dx.doi.org/10.1140/epjb/e2014-50686-x" rel="related"/>
    <arxiv:journal_ref xmlns:arxiv="http://arxiv.org/schemas/atom">Eur. Phys. J. B (2015) 88: 20</arxiv:journal_ref>
    <link href="http://arxiv.org/abs/1501.04914v1" rel="alternate" type="text/html"/>
    <link title="pdf" href="http://arxiv.org/pdf/1501.04914v1" rel="related" type="application/pdf"/>
    <arxiv:primary_category xmlns:arxiv="http://arxiv.org/schemas/atom" term="cond-mat.supr-con" scheme="http://arxiv.org/schemas/atom"/>
    <category term="cond-mat.supr-con" scheme="http://arxiv.org/schemas/atom"/>
    <category term="cond-mat.mes-hall" scheme="http://arxiv.org/schemas/atom"/>
  </entry>
  <entry>
    <id>http://arxiv.org/abs/0707.4225v1</id>
    <updated>2007-07-28T09:32:22Z</updated>
    <published>2007-07-28T09:32:22Z</published>
    <title>Electron-Electron Bremsstrahlung Emission and the Inference of Electron
  Flux Spectra in Solar Flares</title>
    <summary>  Although both electron-ion and electron-electron bremsstrahlung contribute to
the hard X-ray emission from solar flares, the latter is normally ignored. Such
an omission is not justified at electron (and photon) energies above $\sim 300$
keV, and inclusion of the additional electron-electron bremsstrahlung in
general makes the electron spectrum required to produce a given hard X-ray
spectrum steeper at high energies.
  Unlike electron-ion bremsstrahlung, electron-electron bremsstrahlung cannot
produce photons of all energies up to the maximum electron energy involved. The
maximum possible photon energy depends on the angle between the direction of
the emitting electron and the emitted photon, and this suggests a diagnostic
for an upper cutoff energy and/or for the degree of beaming of the accelerated
electrons.
  We analyze the large event of January 17, 2005 observed by RHESSI and show
that the upward break around 400 keV in the observed hard X-ray spectrum is
naturally accounted for by the inclusion of electron-electron bremsstrahlung.
Indeed, the mean source electron spectrum recovered through a regularized
inversion of the hard X-ray spectrum, using a cross-section that includes both
electron-ion and electron-electron terms, has a relatively constant spectral
index $\delta$ over the range from electron kinetic energy $E = 200$ keV to $E
= 1$ MeV. However, the level of detail discernible in the recovered electron
spectrum is not sufficient to determine whether or not any upper cutoff energy
exists.
</summary>
    <author>
      <name>Eduard P. Kontar</name>
    </author>
    <author>
      <name>A. Gordon Emslie</name>
    </author>
    <author>
      <name>Anna Maria Massone</name>
    </author>
    <author>
      <name>Michele Piana</name>
    </author>
    <author>
      <name>John C. Brown</name>
    </author>
    <author>
      <name>Marco Prato</name>
    </author>
    <arxiv:doi xmlns:arxiv="http://arxiv.org/schemas/atom">10.1086/521977</arxiv:doi>
    <link title="doi" href="http://dx.doi.org/10.1086/521977" rel="related"/>
    <arxiv:comment xmlns:arxiv="http://arxiv.org/schemas/atom">7 pages, 5 figures, submitted to Astrophysical Journal</arxiv:comment>
    <link href="http://arxiv.org/abs/0707.4225v1" rel="alternate" type="text/html"/>
    <link title="pdf" href="http://arxiv.org/pdf/0707.4225v1" rel="related" type="application/pdf"/>
    <arxiv:primary_category xmlns:arxiv="http://arxiv.org/schemas/atom" term="astro-ph" scheme="http://arxiv.org/schemas/atom"/>
    <category term="astro-ph" scheme="http://arxiv.org/schemas/atom"/>
  </entry>
  <entry>
    <id>http://arxiv.org/abs/astro-ph/9904306v1</id>
    <updated>1999-04-22T15:54:59Z</updated>
    <published>1999-04-22T15:54:59Z</published>
    <title>Improved scenario of baryogenesis</title>
    <summary>  It is assumed that, in the primordial plasma, at the temperatures above the
mass of electron, fermions are in the neutral state being the superposition of
particle and antiparticle. There exists neutral proton-electron symmetry.
Proton-electron equilibrium is defined by the proton-electron mass difference.
At the temperature equal to the mass of electron, pairs of neutral electrons
annihilate into photons, and pairs of neutral protons and electrons survive as
protons and electrons.
</summary>
    <author>
      <name>D. L. Khokhlov</name>
    </author>
    <arxiv:comment xmlns:arxiv="http://arxiv.org/schemas/atom">3 pages LaTeX</arxiv:comment>
    <link href="http://arxiv.org/abs/astro-ph/9904306v1" rel="alternate" type="text/html"/>
    <link title="pdf" href="http://arxiv.org/pdf/astro-ph/9904306v1" rel="related" type="application/pdf"/>
    <arxiv:primary_category xmlns:arxiv="http://arxiv.org/schemas/atom" term="astro-ph" scheme="http://arxiv.org/schemas/atom"/>
    <category term="astro-ph" scheme="http://arxiv.org/schemas/atom"/>
  </entry>
  <entry>
    <id>http://arxiv.org/abs/cond-mat/0310615v1</id>
    <updated>2003-10-27T08:59:02Z</updated>
    <published>2003-10-27T08:59:02Z</published>
    <title>Exact Electron-Pairing Ground States of Tight-Binding Models with Local
  Attractive Interactions</title>
    <summary>  We present a class of exactly solvable models of correlated electrons. The
models are defined in any dimension $d$ and consist of electron-hopping terms
and local attractive interactions between electrons. For each even number of
electrons less than or equal to $1/(d+1)$-filling, we find the exact ground
state in which all electrons form pairs of a certain type, and thus the models
exhibit an electron-pair condensation.
</summary>
    <author>
      <name>Akinori Tanaka</name>
    </author>
    <arxiv:doi xmlns:arxiv="http://arxiv.org/schemas/atom">10.1143/JPSJ.73.1107</arxiv:doi>
    <link title="doi" href="http://dx.doi.org/10.1143/JPSJ.73.1107" rel="related"/>
    <arxiv:comment xmlns:arxiv="http://arxiv.org/schemas/atom">4 pages, 1 figure</arxiv:comment>
    <link href="http://arxiv.org/abs/cond-mat/0310615v1" rel="alternate" type="text/html"/>
    <link title="pdf" href="http://arxiv.org/pdf/cond-mat/0310615v1" rel="related" type="application/pdf"/>
    <arxiv:primary_category xmlns:arxiv="http://arxiv.org/schemas/atom" term="cond-mat.str-el" scheme="http://arxiv.org/schemas/atom"/>
    <category term="cond-mat.str-el" scheme="http://arxiv.org/schemas/atom"/>
  </entry>
  <entry>
    <id>http://arxiv.org/abs/cond-mat/0205001v1</id>
    <updated>2002-04-30T20:00:18Z</updated>
    <published>2002-04-30T20:00:18Z</published>
    <title>Electron-electron interactions in a weakly screened two-dimensional
  electron system</title>
    <summary>  We probe the strength of electron-electron interactions using
magnetoconductivity measurements of two-dimensional non-degenerate electrons on
liquid helium at 1.22 K. Our data extend to electron densities that are two
orders of magnitude smaller than previously reported. We span both the
independent-electron regime where the data are qualitatively described by the
self-consistent Born approximation (SCBA), and the strongly-interacting
electron regime. At finite fields we observe a crossover from SCBA to Drude
theory as a function of electron density.
</summary>
    <author>
      <name>I. Karakurt</name>
    </author>
    <author>
      <name>A. J. Dahm</name>
    </author>
    <arxiv:comment xmlns:arxiv="http://arxiv.org/schemas/atom">4 pages, 5 figures</arxiv:comment>
    <link href="http://arxiv.org/abs/cond-mat/0205001v1" rel="alternate" type="text/html"/>
    <link title="pdf" href="http://arxiv.org/pdf/cond-mat/0205001v1" rel="related" type="application/pdf"/>
    <arxiv:primary_category xmlns:arxiv="http://arxiv.org/schemas/atom" term="cond-mat.str-el" scheme="http://arxiv.org/schemas/atom"/>
    <category term="cond-mat.str-el" scheme="http://arxiv.org/schemas/atom"/>
  </entry>
  <entry>
    <id>http://arxiv.org/abs/2010.02461v1</id>
    <updated>2020-10-06T04:01:06Z</updated>
    <published>2020-10-06T04:01:06Z</published>
    <title>Interplay of spin-orbit coupling and Coulomb interaction in ZnO-based
  electron system</title>
    <summary>  Spin-orbit coupling (SOC) is pivotal for various fundamental spin-dependent
phenomena in solids and their technological applications. In semiconductors,
these phenomena have been so far studied in relatively weak electron-electron
interaction regimes, where the single electron picture holds. However, SOC can
profoundly compete against Coulomb interaction, which could lead to the
emergence of unconventional electronic phases. Since SOC depends on the
electric field in the crystal including contributions of itinerant electrons,
electron-electron interactions can modify this coupling. Here we demonstrate
the emergence of SOC effect in a high-mobility two-dimensional electron system
in a simple band structure MgZnO/ZnO semiconductor. This electron system
features also strong electron-electron interaction effects. By changing the
carrier density with Mg-content, we tune the SOC strength and achieve its
interplay with electron-electron interaction. These systems pave a way to
emergent spintronic phenomena in strong electron correlation regime and to the
formation of novel quasiparticles with the electron spin strongly coupled to
the density.
</summary>
    <author>
      <name>D. Maryenko</name>
    </author>
    <author>
      <name>M. Kawamura</name>
    </author>
    <author>
      <name>A. Ernst</name>
    </author>
    <author>
      <name>V. K. Dugaev</name>
    </author>
    <author>
      <name>E. Ya. Sherman</name>
    </author>
    <author>
      <name>M. Kriener</name>
    </author>
    <author>
      <name>M. S. Bahramy</name>
    </author>
    <author>
      <name>Y. Kozuka</name>
    </author>
    <author>
      <name>M. Kawasaki</name>
    </author>
    <arxiv:comment xmlns:arxiv="http://arxiv.org/schemas/atom">Main Text (4 Figures), Supplementary notes (4 Figures)</arxiv:comment>
    <link href="http://arxiv.org/abs/2010.02461v1" rel="alternate" type="text/html"/>
    <link title="pdf" href="http://arxiv.org/pdf/2010.02461v1" rel="related" type="application/pdf"/>
    <arxiv:primary_category xmlns:arxiv="http://arxiv.org/schemas/atom" term="cond-mat.mes-hall" scheme="http://arxiv.org/schemas/atom"/>
    <category term="cond-mat.mes-hall" scheme="http://arxiv.org/schemas/atom"/>
    <category term="cond-mat.other" scheme="http://arxiv.org/schemas/atom"/>
    <category term="cond-mat.str-el" scheme="http://arxiv.org/schemas/atom"/>
  </entry>
</feed>
